[masco-tailwind.netlify.app/index-4.html]
[backblue.gif]
[fade.gif]
[index.html]
[masco-tailwind.netlify.app/assets/img/favicon.png]
[masco-tailwind.netlify.app/assets/fonts/webfonts/inter/stylesheet.css]
[masco-tailwind.netlify.app/assets/fonts/webfonts/dm-sans/stylesheet.css]
[masco-tailwind.netlify.app/assets/css/vendors/swiper-bundle.min.css]
[masco-tailwind.netlify.app/assets/css/vendors/jos.css]
[masco-tailwind.netlify.app/assets/fonts/iconfonts/font-awesome/stylesheet.css]
[masco-tailwind.netlify.app/assets/css/vendors/menu.css]
[masco-tailwind.netlify.app/assets/css/style.css]
[masco-tailwind.netlify.app/assets/img/logo-violet-dark.png]
[masco-tailwind.netlify.app/index-2.html]
[masco-tailwind.netlify.app/index-3.html]
[masco-tailwind.netlify.app/index.html]
[masco-tailwind.netlify.app/index-5.html]
[masco-tailwind.netlify.app/index-6.html]
[masco-tailwind.netlify.app/index-7.html]
[masco-tailwind.netlify.app/index-8.html]
[masco-tailwind.netlify.app/index-9.html]
[masco-tailwind.netlify.app/index-10.html]
[masco-tailwind.netlify.app/index-11.html]
[masco-tailwind.netlify.app/index-12.html]
[masco-tailwind.netlify.app/index-14.html]
[masco-tailwind.netlify.app/index-15.html]
[masco-tailwind.netlify.app/about.html]
[masco-tailwind.netlify.app/services.html]
[masco-tailwind.netlify.app/service-details.html]
[masco-tailwind.netlify.app/blog.html]
[masco-tailwind.netlify.app/blog-details.html]
[masco-tailwind.netlify.app/teams.html]
[masco-tailwind.netlify.app/faq.html]
[masco-tailwind.netlify.app/faq-2.html]
[masco-tailwind.netlify.app/faq-3.html]
[masco-tailwind.netlify.app/faq-4.html]
[masco-tailwind.netlify.app/portfolio.html]
[masco-tailwind.netlify.app/portfolio-2.html]
[masco-tailwind.netlify.app/portfolio-3.html]
[masco-tailwind.netlify.app/portfolio-4.html]
[masco-tailwind.netlify.app/portfolio-details.html]
[masco-tailwind.netlify.app/pricing.html]
[masco-tailwind.netlify.app/pricing-2.html]
[masco-tailwind.netlify.app/careers.html]
[masco-tailwind.netlify.app/career-details.html]
[masco-tailwind.netlify.app/login.html]
[masco-tailwind.netlify.app/signup.html]
[masco-tailwind.netlify.app/reset-password.html]
[masco-tailwind.netlify.app/coming-soon.html]
[masco-tailwind.netlify.app/error-404.html]
[masco-tailwind.netlify.app/contact.html]
[masco-tailwind.netlify.app/contact-2.html]
[masco-tailwind.netlify.app/assets/img/th-4/hero-img.png]
[masco-tailwind.netlify.app/assets/img/elements/hero-4-start-shape-1.svg]
[masco-tailwind.netlify.app/img/elements/home-4-divider-shape-1.36.delayed]
[masco-tailwind.netlify.app/assets/img/icons/icon-violet-feature-1.svg]
[masco-tailwind.netlify.app/assets/img/icons/icon-violet-feature-2.svg]
[masco-tailwind.netlify.app/assets/img/icons/icon-violet-feature-3.svg]
[masco-tailwind.netlify.app/assets/img/elements/home-4-features-element.svg]
[masco-tailwind.netlify.app/assets/img/icons/icon-violet-feature-4.svg]
[masco-tailwind.netlify.app/assets/img/th-4/content-img-1.png]
[masco-tailwind.netlify.app/assets/img/th-4/course-img-1.jpg]
[masco-tailwind.netlify.app/assets/img/th-4/course-img-2.jpg]
[masco-tailwind.netlify.app/assets/img/th-4/course-img-3.jpg]
[masco-tailwind.netlify.app/assets/img/th-4/course-img-4.jpg]
[masco-tailwind.netlify.app/assets/img/th-4/course-img-5.jpg]
[masco-tailwind.netlify.app/assets/img/th-4/course-img-6.jpg]
[masco-tailwind.netlify.app/img/elements/home-4-divider-shape-3.43.delayed]
[masco-tailwind.netlify.app/img/elements/home-4-divider-shape-4.44.delayed]
[masco-tailwind.netlify.app/assets/img/th-4/content-img-2.png]
[masco-tailwind.netlify.app/assets/img/th-4/testimonial-avatar-1.png]
[masco-tailwind.netlify.app/assets/img/th-4/testimonial-avatar-2.png]
[masco-tailwind.netlify.app/assets/img/icons/icon-round-apple-app-store.svg]
[masco-tailwind.netlify.app/assets/img/icons/icon-round-google-play-store.svg]
[masco-tailwind.netlify.app/assets/js/vendors/counterup.js]
[masco-tailwind.netlify.app/assets/js/vendors/swiper-bundle.min.js]
[masco-tailwind.netlify.app/assets/js/vendors/fslightbox.js]
[masco-tailwind.netlify.app/assets/js/vendors/jos.min.js]
[masco-tailwind.netlify.app/assets/js/vendors/menu.js]
[masco-tailwind.netlify.app/index-4.html]
[masco-tailwind.netlify.app/assets/js/main.js]
[masco-tailwind.netlify.app/assets/fonts/iconfonts/font-awesome/fa-brands-400.woff2]
[masco-tailwind.netlify.app/assets/fonts/iconfonts/font-awesome/fa-brands-400.ttf]
[masco-tailwind.netlify.app/assets/fonts/iconfonts/font-awesome/fa-duotone-900.woff2]
[masco-tailwind.netlify.app/assets/fonts/iconfonts/font-awesome/fa-duotone-900.ttf]
[masco-tailwind.netlify.app/assets/fonts/iconfonts/font-awesome/fa-light-300.woff2]
[masco-tailwind.netlify.app/assets/fonts/iconfonts/font-awesome/fa-light-300.ttf]
[masco-tailwind.netlify.app/assets/fonts/iconfonts/font-awesome/fa-regular-400.woff2]
[masco-tailwind.netlify.app/assets/fonts/iconfonts/font-awesome/fa-regular-400.ttf]
[masco-tailwind.netlify.app/assets/fonts/iconfonts/font-awesome/fa-solid-900.woff2]
[masco-tailwind.netlify.app/assets/fonts/iconfonts/font-awesome/fa-solid-900.ttf]
[masco-tailwind.netlify.app/assets/fonts/iconfonts/font-awesome/fa-thin-100.woff2]
[masco-tailwind.netlify.app/assets/fonts/iconfonts/font-awesome/fa-thin-100.ttf]
[masco-tailwind.netlify.app/assets/fonts/iconfonts/font-awesome/fa-v4compatibility.woff2]
[masco-tailwind.netlify.app/assets/fonts/iconfonts/font-awesome/fa-v4compatibility.ttf]
[masco-tailwind.netlify.app/assets/fonts/iconfonts/font-awesome/fa-sharp-light-300.woff2]
[masco-tailwind.netlify.app/assets/fonts/iconfonts/font-awesome/fa-sharp-light-300.ttf]
[masco-tailwind.netlify.app/assets/fonts/iconfonts/font-awesome/fa-sharp-regular-400.woff2]
[masco-tailwind.netlify.app/assets/fonts/iconfonts/font-awesome/fa-sharp-regular-400.ttf]
[masco-tailwind.netlify.app/assets/fonts/iconfonts/font-awesome/fa-sharp-solid-900.woff2]
[masco-tailwind.netlify.app/assets/fonts/iconfonts/font-awesome/fa-sharp-solid-900.ttf]
[masco-tailwind.netlify.app/assets/fonts/iconfonts/font-awesome/stylesheet.css]
[masco-tailwind.netlify.app/assets/fonts/webfonts/inter/Inter-Black.woff2]
[masco-tailwind.netlify.app/assets/fonts/webfonts/inter/Inter-Bold.woff2]
[masco-tailwind.netlify.app/assets/fonts/webfonts/inter/Inter-ExtraBold.woff2]
[masco-tailwind.netlify.app/assets/fonts/webfonts/inter/Inter-Bold.woff]
[masco-tailwind.netlify.app/assets/fonts/webfonts/inter/Inter-ExtraLight.woff2]
[masco-tailwind.netlify.app/assets/fonts/webfonts/inter/Inter-Black.woff]
[masco-tailwind.netlify.app/assets/fonts/webfonts/inter/Inter-Light.woff2]
[masco-tailwind.netlify.app/assets/fonts/webfonts/inter/Inter-ExtraBold.woff]
[masco-tailwind.netlify.app/assets/fonts/webfonts/inter/Inter-ExtraLight.woff]
[masco-tailwind.netlify.app/assets/fonts/webfonts/inter/Inter-Medium.woff2]
[masco-tailwind.netlify.app/assets/fonts/webfonts/inter/Inter-Light.woff]
[masco-tailwind.netlify.app/assets/fonts/webfonts/inter/Inter-Regular.woff2]
[masco-tailwind.netlify.app/assets/fonts/webfonts/inter/Inter-Regular.woff]
[masco-tailwind.netlify.app/assets/fonts/webfonts/inter/Inter-Medium.woff]
[masco-tailwind.netlify.app/assets/fonts/webfonts/inter/Inter-SemiBold.woff2]
[masco-tailwind.netlify.app/assets/fonts/webfonts/inter/Inter-Thin.woff2]
[masco-tailwind.netlify.app/assets/fonts/webfonts/inter/Inter-Thin.woff]
[masco-tailwind.netlify.app/assets/fonts/webfonts/inter/stylesheet.css]
[masco-tailwind.netlify.app/assets/fonts/webfonts/inter/Inter-SemiBold.woff]
[masco-tailwind.netlify.app/assets/fonts/webfonts/dm-sans/DMSans-Black.woff2]
[masco-tailwind.netlify.app/assets/fonts/webfonts/dm-sans/DMSans-Black.woff]
[masco-tailwind.netlify.app/assets/fonts/webfonts/dm-sans/DMSans-BlackItalic.woff2]
[masco-tailwind.netlify.app/assets/fonts/webfonts/dm-sans/DMSans-Bold.woff2]
[masco-tailwind.netlify.app/assets/fonts/webfonts/dm-sans/DMSans-BlackItalic.woff]
[masco-tailwind.netlify.app/assets/fonts/webfonts/dm-sans/DMSans-Bold.woff]
[masco-tailwind.netlify.app/assets/fonts/webfonts/dm-sans/DMSans-BoldItalic.woff2]
[masco-tailwind.netlify.app/assets/fonts/webfonts/dm-sans/DMSans-ExtraBold.woff2]
[masco-tailwind.netlify.app/assets/fonts/webfonts/dm-sans/DMSans-BoldItalic.woff]
[masco-tailwind.netlify.app/assets/fonts/webfonts/dm-sans/DMSans-ExtraBold.woff]
[masco-tailwind.netlify.app/assets/fonts/webfonts/dm-sans/DMSans-ExtraBoldItalic.woff2]
[masco-tailwind.netlify.app/assets/fonts/webfonts/dm-sans/DMSans-ExtraBoldItalic.woff]
[masco-tailwind.netlify.app/assets/fonts/webfonts/dm-sans/DMSans-ExtraLightItalic.woff2]
[masco-tailwind.netlify.app/assets/fonts/webfonts/dm-sans/DMSans-ExtraLight.woff2]
[masco-tailwind.netlify.app/assets/fonts/webfonts/dm-sans/DMSans-ExtraLightItalic.woff]
[masco-tailwind.netlify.app/assets/fonts/webfonts/dm-sans/DMSans-LightItalic.woff2]
[masco-tailwind.netlify.app/assets/fonts/webfonts/dm-sans/DMSans-LightItalic.woff]
[masco-tailwind.netlify.app/assets/fonts/webfonts/dm-sans/DMSans-ExtraLight.woff]
[masco-tailwind.netlify.app/assets/fonts/webfonts/dm-sans/DMSans-Italic.woff2]
[masco-tailwind.netlify.app/assets/fonts/webfonts/dm-sans/DMSans-Italic.woff]
[masco-tailwind.netlify.app/assets/fonts/webfonts/dm-sans/DMSans-Light.woff2]
[masco-tailwind.netlify.app/assets/fonts/webfonts/dm-sans/DMSans-Light.woff]
[masco-tailwind.netlify.app/assets/fonts/webfonts/dm-sans/DMSans-MediumItalic.woff2]
[masco-tailwind.netlify.app/assets/fonts/webfonts/dm-sans/DMSans-Medium.woff2]
[masco-tailwind.netlify.app/assets/fonts/webfonts/dm-sans/DMSans-MediumItalic.woff]
[masco-tailwind.netlify.app/assets/fonts/webfonts/dm-sans/DMSans-SemiBold.woff2]
[masco-tailwind.netlify.app/assets/fonts/webfonts/dm-sans/DMSans-Medium.woff]
[masco-tailwind.netlify.app/assets/fonts/webfonts/dm-sans/DMSans-SemiBold.woff]
[masco-tailwind.netlify.app/assets/fonts/webfonts/dm-sans/DMSans-Regular.woff2]
[masco-tailwind.netlify.app/assets/fonts/webfonts/dm-sans/DMSans-SemiBoldItalic.woff2]
[masco-tailwind.netlify.app/assets/fonts/webfonts/dm-sans/DMSans-Regular.woff]
[masco-tailwind.netlify.app/assets/fonts/webfonts/dm-sans/DMSans-SemiBoldItalic.woff]
[masco-tailwind.netlify.app/assets/fonts/webfonts/dm-sans/DMSans-ThinItalic.woff2]
[masco-tailwind.netlify.app/assets/fonts/webfonts/dm-sans/DMSans-ThinItalic.woff]
[masco-tailwind.netlify.app/assets/fonts/webfonts/dm-sans/DMSans-Thin.woff2]
[masco-tailwind.netlify.app/assets/fonts/webfonts/dm-sans/stylesheet.css]
[masco-tailwind.netlify.app/assets/css/vendors/swiper-bundle.min.css]
[masco-tailwind.netlify.app/assets/css/vendors/jos.css]
[masco-tailwind.netlify.app/assets/css/vendors/menu.css]
[masco-tailwind.netlify.app/assets/css/custom.css]
[masco-tailwind.netlify.app/assets/fonts/webfonts/dm-sans/DMSans-Thin.woff]
[masco-tailwind.netlify.app/assets/css/style.css]
[masco-tailwind.netlify.app/assets/fonts/webfonts/plus-jakarta-sans/stylesheet.css]
[masco-tailwind.netlify.app/assets/img/logo-blue-dark.png]
[masco-tailwind.netlify.app/assets/img/th-1/hero-img.jpg]
[masco-tailwind.netlify.app/assets/img/th-1/brand-1.png]
[masco-tailwind.netlify.app/assets/img/th-1/brand-2.png]
[masco-tailwind.netlify.app/assets/img/th-1/brand-3.png]
[masco-tailwind.netlify.app/assets/img/th-1/brand-4.png]
[masco-tailwind.netlify.app/assets/img/th-1/brand-5.png]
[masco-tailwind.netlify.app/assets/img/icons/icon-black-service-1.svg]
[masco-tailwind.netlify.app/assets/img/icons/icon-blue-service-1.svg]
[masco-tailwind.netlify.app/assets/img/icons/icon-black-service-2.svg]
[masco-tailwind.netlify.app/assets/img/icons/icon-blue-service-2.svg]
[masco-tailwind.netlify.app/assets/img/icons/icon-black-service-3.svg]
[masco-tailwind.netlify.app/assets/img/icons/icon-blue-service-3.svg]
[masco-tailwind.netlify.app/assets/img/icons/icon-black-service-4.svg]
[masco-tailwind.netlify.app/assets/img/icons/icon-blue-service-4.svg]
[masco-tailwind.netlify.app/assets/img/th-1/content-img-1.jpg]
[masco-tailwind.netlify.app/assets/img/elements/content-shape-1.svg]
[masco-tailwind.netlify.app/assets/img/th-1/content-img-2.jpg]
[masco-tailwind.netlify.app/assets/img/th-1/portfolio-img-1.jpg]
[masco-tailwind.netlify.app/assets/img/th-1/portfolio-img-2.jpg]
[masco-tailwind.netlify.app/assets/img/th-1/testimonial-image-1.jpg]
[masco-tailwind.netlify.app/assets/img/elements/cta-1-shape-1.svg]
[masco-tailwind.netlify.app/assets/img/logo-blue-light.png]
[masco-tailwind.netlify.app/index.html]
[masco-tailwind.netlify.app/assets/img/logo-purple-dark.png]
[masco-tailwind.netlify.app/assets/img/th-2/hero-img.png]
[masco-tailwind.netlify.app/assets/img/th-2/hero-avatar-img-1.png]
[masco-tailwind.netlify.app/assets/img/th-2/hero-avatar-img-2.png]
[masco-tailwind.netlify.app/assets/img/icons/icon-duotone-translate.svg]
[masco-tailwind.netlify.app/assets/img/icons/icon-duotone-user-list.svg]
[masco-tailwind.netlify.app/assets/img/icons/icon-duotone-private-message.svg]
[masco-tailwind.netlify.app/assets/img/th-2/content-img-1.png]
[masco-tailwind.netlify.app/assets/img/th-2/content-img-2.png]
[masco-tailwind.netlify.app/assets/img/th-2/video-img.jpg]
[masco-tailwind.netlify.app/assets/img/icons/fire-icon.png]
[masco-tailwind.netlify.app/assets/img/th-2/content-img-3.png]
[masco-tailwind.netlify.app/assets/img/elements/flower-shape-1.svg]
[masco-tailwind.netlify.app/assets/img/elements/flower-shape-2.svg]
[masco-tailwind.netlify.app/assets/img/icons/icon-apple-app-store.svg]
[masco-tailwind.netlify.app/index-2.html]
[masco-tailwind.netlify.app/assets/img/icons/icon-google-play-store.svg]
[masco-tailwind.netlify.app/assets/img/logo-yellow-dark.png]
[masco-tailwind.netlify.app/assets/img/th-3/hero-avater-1.jpg]
[masco-tailwind.netlify.app/assets/img/th-3/hero-avater-2.jpg]
[masco-tailwind.netlify.app/assets/img/th-3/hero-avater-3.jpg]
[masco-tailwind.netlify.app/assets/img/th-3/hero-mobille.png]
[masco-tailwind.netlify.app/assets/img/elements/hero-3-shapes-1.svg]
[masco-tailwind.netlify.app/assets/img/elements/hero-3-shapes-2.svg]
[masco-tailwind.netlify.app/assets/img/icons/icon-green-feature-1.svg]
[masco-tailwind.netlify.app/assets/img/icons/icon-green-feature-2.svg]
[masco-tailwind.netlify.app/assets/img/icons/icon-green-feature-3.svg]
[masco-tailwind.netlify.app/assets/img/th-3/content-img-1.png]
[masco-tailwind.netlify.app/assets/img/elements/home-3-content-img-shape-1.svg]
[masco-tailwind.netlify.app/assets/img/th-3/content-img-2.png]
[masco-tailwind.netlify.app/assets/img/elements/home-3-content-img-shape-2.svg]
[masco-tailwind.netlify.app/assets/img/icons/arm-icon.png]
[masco-tailwind.netlify.app/assets/img/th-3/video-class-img-1.jpg]
[masco-tailwind.netlify.app/assets/img/th-3/video-class-img-2.jpg]
[masco-tailwind.netlify.app/assets/img/th-3/video-class-img-3.jpg]
[masco-tailwind.netlify.app/assets/img/th-3/testimonial-avater-1.jpg]
[masco-tailwind.netlify.app/assets/img/th-3/testimonial-avater-2.jpg]
[masco-tailwind.netlify.app/assets/img/th-3/testimonial-avater-3.jpg]
[masco-tailwind.netlify.app/assets/img/th-3/testimonial-avater-4.jpg]
[masco-tailwind.netlify.app/assets/img/th-3/testimonial-avater-6.jpg]
[masco-tailwind.netlify.app/assets/img/th-3/newsletter.png]
[masco-tailwind.netlify.app/index-3.html]
[masco-tailwind.netlify.app/assets/fonts/webfonts/general-sans/stylesheet.css]
[masco-tailwind.netlify.app/assets/img/logo-tangerine-dark.png]
[masco-tailwind.netlify.app/assets/img/th-5/hero-card-1.png]
[masco-tailwind.netlify.app/assets/img/th-5/hero-card-2.png]
[masco-tailwind.netlify.app/assets/img/th-5/hero-card-3.png]
[masco-tailwind.netlify.app/assets/img/icons/icon-tangerine-feature-1.svg]
[masco-tailwind.netlify.app/assets/img/icons/icon-tangerine-feature-2.svg]
[masco-tailwind.netlify.app/assets/img/icons/icon-tangerine-feature-3.svg]
[masco-tailwind.netlify.app/assets/img/th-5/content-img-1.png]
[masco-tailwind.netlify.app/assets/img/elements/home-5-content-img-shape-1.svg]
[masco-tailwind.netlify.app/assets/img/elements/home-5-service-bg-shape.svg]
[masco-tailwind.netlify.app/assets/img/th-5/content-img-2.png]
[masco-tailwind.netlify.app/assets/img/th-5/team-img-1.jpg]
[masco-tailwind.netlify.app/assets/img/th-5/team-img-2.jpg]
[masco-tailwind.netlify.app/assets/img/th-5/team-img-3.jpg]
[masco-tailwind.netlify.app/assets/img/th-5/team-img-4.jpg]
[masco-tailwind.netlify.app/assets/img/icons/icon-black-home-5-pricing-1.svg]
[masco-tailwind.netlify.app/assets/img/icons/icon-black-home-5-pricing-2.svg]
[masco-tailwind.netlify.app/assets/img/icons/icon-black-home-5-pricing-3.svg]
[masco-tailwind.netlify.app/assets/img/icons/icon-tangerine-quote.svg]
[masco-tailwind.netlify.app/assets/img/th-5/testimonial-user.png]
[masco-tailwind.netlify.app/assets/img/logo-tangerine-light.png]
[masco-tailwind.netlify.app/index-5.html]
[masco-tailwind.netlify.app/assets/img/th-6/hero-dashboard.jpg]
[masco-tailwind.netlify.app/assets/img/icons/icon-black-mail-close.svg]
[masco-tailwind.netlify.app/assets/img/icons/icon-black-mail-open.svg]
[masco-tailwind.netlify.app/assets/img/icons/icon-black-pen.svg]
[masco-tailwind.netlify.app/assets/img/th-6/brand-1.png]
[masco-tailwind.netlify.app/assets/img/th-6/brand-2.png]
[masco-tailwind.netlify.app/assets/img/th-6/brand-3.png]
[masco-tailwind.netlify.app/assets/img/th-6/brand-4.png]
[masco-tailwind.netlify.app/assets/img/th-6/brand-5.png]
[masco-tailwind.netlify.app/assets/img/th-6/brand-6.png]
[masco-tailwind.netlify.app/assets/img/icons/icon-white-process-1.svg]
[masco-tailwind.netlify.app/assets/img/icons/icon-white-process-2.svg]
[masco-tailwind.netlify.app/assets/img/icons/icon-white-process-3.svg]
[masco-tailwind.netlify.app/assets/img/th-6/content-img-1.png]
[masco-tailwind.netlify.app/assets/img/th-6/content-img-small-1.png]
[masco-tailwind.netlify.app/assets/img/th-6/content-img-2.png]
[masco-tailwind.netlify.app/assets/img/th-6/content-img-2-small.png]
[masco-tailwind.netlify.app/assets/img/icons/icon-black-service-7.svg]
[masco-tailwind.netlify.app/assets/img/icons/icon-black-service-8.svg]
[masco-tailwind.netlify.app/assets/img/icons/icon-black-service-9.svg]
[masco-tailwind.netlify.app/assets/img/icons/icon-black-service-10.svg]
[masco-tailwind.netlify.app/assets/img/icons/icon-color-spotify.svg]
[masco-tailwind.netlify.app/assets/img/icons/icon-color-whatsapp.svg]
[masco-tailwind.netlify.app/assets/img/icons/icon-color-shopify.svg]
[masco-tailwind.netlify.app/assets/img/icons/icon-color-figma.svg]
[masco-tailwind.netlify.app/assets/img/icons/icon-color-slack.svg]
[masco-tailwind.netlify.app/assets/img/icons/icon-color-mailchimp.svg]
[masco-tailwind.netlify.app/assets/img/icons/icon-color-skype.svg]
[masco-tailwind.netlify.app/assets/img/icons/icon-color-discord.svg]
[masco-tailwind.netlify.app/assets/img/icons/icon-color-snapchat.svg]
[masco-tailwind.netlify.app/index-6.html]
[masco-tailwind.netlify.app/assets/img/elements/gear-shape.svg]
[masco-tailwind.netlify.app/assets/fonts/webfonts/cabin/stylesheet.css]
[masco-tailwind.netlify.app/assets/img/logo-full-dark.png]
[masco-tailwind.netlify.app/assets/img/th-7/hero-img.png]
[masco-tailwind.netlify.app/assets/img/th-7/text-circle-1.png]
[masco-tailwind.netlify.app/assets/img/icons/icon-black-down-arrow.svg]
[masco-tailwind.netlify.app/assets/img/th-7/content-image-1.png]
[masco-tailwind.netlify.app/assets/img/icons/icon-black-home-7-service-1.svg]
[masco-tailwind.netlify.app/assets/img/icons/icon-black-home-7-service-2.svg]
[masco-tailwind.netlify.app/assets/img/icons/icon-black-home-7-service-4.svg]
[masco-tailwind.netlify.app/assets/img/icons/icon-black-home-7-service-3.svg]
[masco-tailwind.netlify.app/assets/img/icons/icon-black-home-7-service-5.svg]
[masco-tailwind.netlify.app/assets/img/icons/icon-black-home-7-service-6.svg]
[masco-tailwind.netlify.app/assets/img/icons/icon-black-home-7-service-7.svg]
[masco-tailwind.netlify.app/assets/img/icons/icon-black-home-7-service-8.svg]
[masco-tailwind.netlify.app/assets/img/th-7/content-image-2.png]
[masco-tailwind.netlify.app/index-7.html]
[masco-tailwind.netlify.app/assets/fonts/webfonts/public-sans/stylesheet.css]
[masco-tailwind.netlify.app/assets/img/th-8/hero-img-1.png]
[masco-tailwind.netlify.app/assets/img/th-8/hero-img-2.png]
[masco-tailwind.netlify.app/assets/img/th-8/hero-img-3.png]
[masco-tailwind.netlify.app/assets/img/th-8/hero-img-4.png]
[masco-tailwind.netlify.app/assets/img/elements/hero-8-content-shape.svg]
[masco-tailwind.netlify.app/assets/img/th-8/content-img-1.jpg]
[masco-tailwind.netlify.app/assets/img/th-8/content-card-1.png]
[masco-tailwind.netlify.app/assets/img/th-8/content-img-2.jpg]
[masco-tailwind.netlify.app/assets/img/th-8/content-card-2.png]
[masco-tailwind.netlify.app/assets/img/elements/arc-shape-black.png]
[masco-tailwind.netlify.app/assets/img/th-8/content-img-3.png]
[masco-tailwind.netlify.app/assets/img/elements/home-8-dot-shape-3.svg]
[masco-tailwind.netlify.app/assets/img/th-8/video-img.jpg]
[masco-tailwind.netlify.app/assets/img/icons/icon-purple-flash.svg]
[masco-tailwind.netlify.app/assets/img/th-8/team-img-1.jpg]
[masco-tailwind.netlify.app/assets/img/th-8/team-img-2.jpg]
[masco-tailwind.netlify.app/assets/img/th-8/team-img-3.jpg]
[masco-tailwind.netlify.app/assets/img/th-8/team-img-4.jpg]
[masco-tailwind.netlify.app/assets/img/th-8/team-img-5.jpg]
[masco-tailwind.netlify.app/assets/img/th-8/team-img-6.jpg]
[masco-tailwind.netlify.app/assets/img/th-8/blog-img-1.jpg]
[masco-tailwind.netlify.app/assets/img/th-8/blog-img-2.jpg]
[masco-tailwind.netlify.app/assets/img/th-8/blog-img-3.jpg]
[masco-tailwind.netlify.app/assets/img/elements/home-8-dot-shape-6.svg]
[masco-tailwind.netlify.app/assets/img/logo-lime-light.png]
[masco-tailwind.netlify.app/index-8.html]
[masco-tailwind.netlify.app/assets/fonts/webfonts/syne/stylesheet.css]
[masco-tailwind.netlify.app/assets/img/th-9/hero-img.png]
[masco-tailwind.netlify.app/assets/img/elements/home-9-hero-bg-shape.svg]
[masco-tailwind.netlify.app/assets/img/icons/icon-black-home-9-feature-1.svg]
[masco-tailwind.netlify.app/assets/img/icons/icon-black-home-9-feature-2.svg]
[masco-tailwind.netlify.app/assets/img/icons/icon-black-home-9-feature-3.svg]
[masco-tailwind.netlify.app/assets/img/icons/icon-black-home-9-feature-4.svg]
[masco-tailwind.netlify.app/assets/img/elements/home-9-bg-shape-1.svg]
[masco-tailwind.netlify.app/assets/img/th-9/content-img-1.png]
[masco-tailwind.netlify.app/assets/img/icons/home-9-tab-icon-1.svg]
[masco-tailwind.netlify.app/assets/img/icons/home-9-tab-icon-1-active.svg]
[masco-tailwind.netlify.app/assets/img/icons/home-9-tab-icon-2.svg]
[masco-tailwind.netlify.app/assets/img/icons/home-9-tab-icon-2-active.svg]
[masco-tailwind.netlify.app/assets/img/icons/home-9-tab-icon-3.svg]
[masco-tailwind.netlify.app/assets/img/icons/home-9-tab-icon-3-active.svg]
[masco-tailwind.netlify.app/assets/img/icons/home-9-tab-icon-4.svg]
[masco-tailwind.netlify.app/assets/img/icons/home-9-tab-icon-4-active.svg]
[masco-tailwind.netlify.app/assets/img/th-9/tab-img-1.png]
[masco-tailwind.netlify.app/assets/img/th-9/tab-img-2.png]
[masco-tailwind.netlify.app/assets/img/elements/home-9-bg-shape-2.svg]
[masco-tailwind.netlify.app/assets/img/elements/home-9-bg-shape-3.svg]
[masco-tailwind.netlify.app/assets/img/th-9/content-img-2.png]
[masco-tailwind.netlify.app/assets/img/elements/discount-text.svg]
[masco-tailwind.netlify.app/assets/img/icons/icon-colorful-wide-spotify.svg]
[masco-tailwind.netlify.app/assets/img/icons/icon-colorful-wide-zoom.svg]
[masco-tailwind.netlify.app/assets/img/icons/icon-colorful-wide-slack.svg]
[masco-tailwind.netlify.app/assets/img/icons/icon-colorful-wide-hotjar.svg]
[masco-tailwind.netlify.app/assets/img/icons/icon-colorful-wide-hubspot.svg]
[masco-tailwind.netlify.app/assets/img/icons/icon-colorful-wide-shopify.svg]
[masco-tailwind.netlify.app/assets/img/icons/icon-colorful-wide-whatsapp.svg]
[masco-tailwind.netlify.app/assets/img/icons/icon-colorful-wide-zalando.svg]
[masco-tailwind.netlify.app/assets/img/icons/icon-colorful-wide-gitlab.svg]
[masco-tailwind.netlify.app/assets/img/icons/icon-colorful-wide-zendesk.svg]
[masco-tailwind.netlify.app/assets/img/icons/icon-colorful-wide-asana.svg]
[masco-tailwind.netlify.app/assets/img/icons/icon-colorful-wide-jira.svg]
[masco-tailwind.netlify.app/assets/img/th-9/testimonial-img.png]
[masco-tailwind.netlify.app/assets/img/elements/home-9-bg-shape-4.svg]
[masco-tailwind.netlify.app/assets/img/logo-yellow-light.png]
[masco-tailwind.netlify.app/index-9.html]
[masco-tailwind.netlify.app/assets/fonts/webfonts/clash-display/stylesheet.css]
[masco-tailwind.netlify.app/assets/img/logo-denim-dark.png]
[masco-tailwind.netlify.app/assets/img/icons/trustpilot-logo.svg]
[masco-tailwind.netlify.app/assets/img/th-10/hero-img.png]
[masco-tailwind.netlify.app/assets/img/th-10/brand-1.png]
[masco-tailwind.netlify.app/assets/img/th-10/brand-2.png]
[masco-tailwind.netlify.app/assets/img/th-10/brand-3.png]
[masco-tailwind.netlify.app/assets/img/th-10/brand-4.png]
[masco-tailwind.netlify.app/assets/img/th-10/brand-5.png]
[masco-tailwind.netlify.app/assets/img/th-10/content-img-1.png]
[masco-tailwind.netlify.app/assets/img/th-10/content-img-2.png]
[masco-tailwind.netlify.app/assets/img/th-10/content-2-card.png]
[masco-tailwind.netlify.app/assets/img/icons/icon-black-home-10-feature-1.svg]
[masco-tailwind.netlify.app/assets/img/icons/icon-black-home-10-feature-2.svg]
[masco-tailwind.netlify.app/assets/img/icons/icon-black-home-10-feature-3.svg]
[masco-tailwind.netlify.app/assets/img/icons/icon-black-home-10-feature-4.svg]
[masco-tailwind.netlify.app/assets/img/icons/icon-black-home-10-feature-5.svg]
[masco-tailwind.netlify.app/assets/img/icons/icon-black-home-10-feature-6.svg]
[masco-tailwind.netlify.app/assets/img/th-10/content-video-img.png]
[masco-tailwind.netlify.app/assets/img/th-10/testimonial-img.png]
[masco-tailwind.netlify.app/assets/img/th-10/content-img-3.png]
[masco-tailwind.netlify.app/assets/img/logo-denim-light.png]
[masco-tailwind.netlify.app/index-10.html]
[masco-tailwind.netlify.app/assets/fonts/webfonts/kanit/stylesheet.css]
[masco-tailwind.netlify.app/assets/img/logo-caribbean-green-dark.png]
[masco-tailwind.netlify.app/assets/img/th-11/hero-img.jpg]
[masco-tailwind.netlify.app/assets/img/th-11/brand-1.png]
[masco-tailwind.netlify.app/assets/img/th-11/brand-2.png]
[masco-tailwind.netlify.app/assets/img/th-11/brand-3.png]
[masco-tailwind.netlify.app/assets/img/th-11/brand-4.png]
[masco-tailwind.netlify.app/assets/img/th-11/brand-5.png]
[masco-tailwind.netlify.app/assets/img/th-11/content-img-1.png]
[masco-tailwind.netlify.app/assets/img/th-11/content-img-1-card.png]
[masco-tailwind.netlify.app/assets/img/icons/icon-black-home-11-feature-1.svg]
[masco-tailwind.netlify.app/assets/img/icons/icon-black-home-11-feature-2.svg]
[masco-tailwind.netlify.app/assets/img/icons/icon-black-home-11-feature-3.svg]
[masco-tailwind.netlify.app/assets/img/icons/icon-black-home-11-feature-4.svg]
[masco-tailwind.netlify.app/assets/img/th-11/content-img-2.png]
[masco-tailwind.netlify.app/assets/img/icons/icon-green-black-duotone-faq-1.svg]
[masco-tailwind.netlify.app/assets/img/icons/icon-green-black-duotone-faq-2.svg]
[masco-tailwind.netlify.app/assets/img/icons/icon-green-black-duotone-faq-3.svg]
[masco-tailwind.netlify.app/assets/img/th-11/testimonial-img.png]
[masco-tailwind.netlify.app/index-11.html]
[masco-tailwind.netlify.app/assets/fonts/webfonts/sora/stylesheet.css]
[masco-tailwind.netlify.app/assets/img/th-12/hero-img.png]
[masco-tailwind.netlify.app/assets/img/icons/icon-black-home-12-feature-1.svg]
[masco-tailwind.netlify.app/assets/img/icons/icon-black-home-12-feature-2.svg]
[masco-tailwind.netlify.app/assets/img/icons/icon-black-home-12-feature-3.svg]
[masco-tailwind.netlify.app/assets/img/icons/icon-black-home-12-feature-4.svg]
[masco-tailwind.netlify.app/assets/img/icons/icon-purple-home-12-content-3.svg]
[masco-tailwind.netlify.app/assets/img/th-12/content-img-1.png]
[masco-tailwind.netlify.app/assets/img/th-12/video-img.png]
[masco-tailwind.netlify.app/assets/img/icons/icon-purple-video-btn.svg]
[masco-tailwind.netlify.app/assets/img/icons/icon-purple-home-12-content-6.svg]
[masco-tailwind.netlify.app/assets/img/th-12/content-img-2.png]
[masco-tailwind.netlify.app/assets/img/icons/icon-rum-swizzle-dial-star.svg]
[masco-tailwind.netlify.app/assets/img/icons/icon-purple-quote.svg]
[masco-tailwind.netlify.app/assets/img/th-12/testimonial-user-img-1.png]
[masco-tailwind.netlify.app/assets/img/th-12/testimonial-user-img-2.png]
[masco-tailwind.netlify.app/assets/img/th-12/testimonial-user-img-3.png]
[masco-tailwind.netlify.app/assets/img/elements/home-12-cta-shape.svg]
[masco-tailwind.netlify.app/index-12.html]
[masco-tailwind.netlify.app/assets/img/logo-honey-suckle-light.png]
[masco-tailwind.netlify.app/assets/img/th-14/hero-img.jpg]
[masco-tailwind.netlify.app/index-13]
[masco-tailwind.netlify.app/assets/img/th-14/features-img-1.png]
[masco-tailwind.netlify.app/assets/img/th-14/features-img-2.png]
[masco-tailwind.netlify.app/assets/img/th-14/features-img-3.png]
[masco-tailwind.netlify.app/assets/img/th-14/content-img-1.jpg]
[masco-tailwind.netlify.app/assets/img/th-14/content-img-2.jpg]
[masco-tailwind.netlify.app/assets/img/icons/icon-honeysuckle-home-14-service-1.svg]
[masco-tailwind.netlify.app/assets/img/icons/icon-honeysuckle-home-14-service-2.svg]
[masco-tailwind.netlify.app/assets/img/icons/icon-honeysuckle-home-14-service-3.svg]
[masco-tailwind.netlify.app/assets/img/icons/icon-honeysuckle-home-14-service-4.svg]
[masco-tailwind.netlify.app/assets/img/icons/icon-honeysuckle-home-14-service-5.svg]
[masco-tailwind.netlify.app/assets/img/icons/icon-honeysuckle-home-14-service-6.svg]
[masco-tailwind.netlify.app/assets/img/icons/icon-honeysuckle-home-14-service-7.svg]
[masco-tailwind.netlify.app/assets/img/icons/icon-honeysuckle-home-14-service-8.svg]
[masco-tailwind.netlify.app/assets/img/icons/icon-honeysuckle-home-14-service-9.svg]
[masco-tailwind.netlify.app/assets/img/th-14/content-img-video-1.jpg]
[masco-tailwind.netlify.app/assets/img/th-14/testimonial-user-1.jpg]
[masco-tailwind.netlify.app/index-14.html]
[masco-tailwind.netlify.app/assets/img/logo-dark.png]
[masco-tailwind.netlify.app/assets/img/th-15/hero-img.jpg]
[masco-tailwind.netlify.app/assets/img/th-15/content-img-1.jpg]
[masco-tailwind.netlify.app/assets/img/th-15/content-img-2.jpg]
[masco-tailwind.netlify.app/assets/img/th-15/team-img-1.jpg]
[masco-tailwind.netlify.app/assets/img/th-15/team-img-2.jpg]
[masco-tailwind.netlify.app/assets/img/th-15/team-img-3.jpg]
[masco-tailwind.netlify.app/assets/img/th-15/team-img-4.jpg]
[masco-tailwind.netlify.app/assets/img/th-15/team-img-5.jpg]
[masco-tailwind.netlify.app/assets/img/th-15/team-img-6.jpg]
[masco-tailwind.netlify.app/assets/img/th-15/brand-1.png]
[masco-tailwind.netlify.app/assets/img/th-15/brand-2.png]
[masco-tailwind.netlify.app/assets/img/th-15/brand-3.png]
[masco-tailwind.netlify.app/assets/img/th-15/brand-4.png]
[masco-tailwind.netlify.app/assets/img/th-15/brand-5.png]
[masco-tailwind.netlify.app/index-15.html]
[masco-tailwind.netlify.app/assets/img/th-1/about-gallery-img-1.jpg]
[masco-tailwind.netlify.app/assets/img/th-1/about-gallery-img-2.jpg]
[masco-tailwind.netlify.app/assets/img/th-1/about-gallery-img-3.jpg]
[masco-tailwind.netlify.app/assets/img/th-1/about-hero-user-blockquote-img.jpg]
[masco-tailwind.netlify.app/assets/img/icons/icon-yellow-feature-1.svg]
[masco-tailwind.netlify.app/assets/img/icons/icon-yellow-feature-2.svg]
[masco-tailwind.netlify.app/assets/img/icons/icon-yellow-feature-3.svg]
[masco-tailwind.netlify.app/assets/img/icons/icon-yellow-feature-4.svg]
[masco-tailwind.netlify.app/assets/img/icons/icon-yellow-feature-5.svg]
[masco-tailwind.netlify.app/assets/img/icons/icon-yellow-feature-6.svg]
[masco-tailwind.netlify.app/assets/img/th-1/team-img-1.jpg]
[masco-tailwind.netlify.app/assets/img/th-1/team-img-2.jpg]
[masco-tailwind.netlify.app/assets/img/th-1/team-img-3.jpg]
[masco-tailwind.netlify.app/assets/img/th-1/team-img-4.jpg]
[masco-tailwind.netlify.app/about.html]
[masco-tailwind.netlify.app/assets/img/icons/icon-black-service-5.svg]
[masco-tailwind.netlify.app/assets/img/icons/icon-blue-service-5.svg]
[masco-tailwind.netlify.app/assets/img/icons/icon-black-service-6.svg]
[masco-tailwind.netlify.app/assets/img/icons/icon-blue-service-6.svg]
[masco-tailwind.netlify.app/assets/img/th-1/about-hero-2.jpg]
[masco-tailwind.netlify.app/services.html]
[masco-tailwind.netlify.app/assets/img/th-1/service-main-img.jpg]
[masco-tailwind.netlify.app/assets/img/th-1/service-inner-1-img.jpg]
[masco-tailwind.netlify.app/assets/img/th-1/service-inner-2-img.jpg]
[masco-tailwind.netlify.app/service-details.html]
[masco-tailwind.netlify.app/assets/img/th-1/blog-main-1.jpg]
[masco-tailwind.netlify.app/assets/img/th-1/blog-author-img-1.jpg]
[masco-tailwind.netlify.app/assets/img/th-1/blog-main-2.jpg]
[masco-tailwind.netlify.app/assets/img/th-1/blog-author-img-2.jpg]
[masco-tailwind.netlify.app/assets/img/th-1/blog-main-3.jpg]
[masco-tailwind.netlify.app/assets/img/th-1/blog-author-img-3.jpg]
[masco-tailwind.netlify.app/assets/img/th-1/blog-recent-img-1.jpg]
[masco-tailwind.netlify.app/assets/img/th-1/blog-recent-img-2.jpg]
[masco-tailwind.netlify.app/assets/img/th-1/blog-recent-img-3.jpg]
[masco-tailwind.netlify.app/blog.html]
[masco-tailwind.netlify.app/assets/img/th-1/blog-inner-img-1.jpg]
[masco-tailwind.netlify.app/assets/img/th-1/blog-inner-img-2.jpg]
[masco-tailwind.netlify.app/assets/img/th-1/blog-inner-img-3.jpg]
[masco-tailwind.netlify.app/assets/img/th-1/blog-comment-large-user-img-1.jpg]
[masco-tailwind.netlify.app/assets/img/th-1/blog-comment-small-user-img-1.jpg]
[masco-tailwind.netlify.app/assets/img/th-1/blog-comment-large-user-img-2.jpg]
[masco-tailwind.netlify.app/assets/img/th-1/blog-comment-form-img.jpg]
[masco-tailwind.netlify.app/blog-details.html]
[masco-tailwind.netlify.app/assets/img/th-1/team-img-5.jpg]
[masco-tailwind.netlify.app/assets/img/th-1/team-img-6.jpg]
[masco-tailwind.netlify.app/assets/img/th-1/team-img-7.jpg]
[masco-tailwind.netlify.app/assets/img/th-1/team-img-8.jpg]
[masco-tailwind.netlify.app/assets/img/th-1/team-img-9.jpg]
[masco-tailwind.netlify.app/assets/img/th-1/team-img-10.jpg]
[masco-tailwind.netlify.app/assets/img/th-1/team-img-11.jpg]
[masco-tailwind.netlify.app/assets/img/th-1/team-img-12.jpg]
[masco-tailwind.netlify.app/teams.html]
[masco-tailwind.netlify.app/faq.html]
[masco-tailwind.netlify.app/faq-2.html]
[masco-tailwind.netlify.app/faq-3.html]
[masco-tailwind.netlify.app/faq-4.html]
[masco-tailwind.netlify.app/assets/img/th-1/portfolio-img-3.jpg]
[masco-tailwind.netlify.app/assets/img/th-1/portfolio-img-4.jpg]
[masco-tailwind.netlify.app/assets/img/th-1/portfolio-img-5.jpg]
[masco-tailwind.netlify.app/assets/img/th-1/portfolio-img-6.jpg]
[masco-tailwind.netlify.app/portfolio.html]
[masco-tailwind.netlify.app/assets/img/th-1/portfolio-masonry-img-1.jpg]
[masco-tailwind.netlify.app/assets/img/th-1/portfolio-masonry-img-3.jpg]
[masco-tailwind.netlify.app/assets/img/th-1/portfolio-masonry-img-4.jpg]
[masco-tailwind.netlify.app/assets/img/th-1/portfolio-masonry-img-2.jpg]
[masco-tailwind.netlify.app/assets/img/th-1/portfolio-masonry-img-5.jpg]
[masco-tailwind.netlify.app/portfolio-2.html]
[masco-tailwind.netlify.app/assets/img/th-1/portfolio-modern-img-1.jpg]
[masco-tailwind.netlify.app/assets/img/th-1/portfolio-modern-img-2.jpg]
[masco-tailwind.netlify.app/assets/img/th-1/portfolio-modern-img-3.jpg]
[masco-tailwind.netlify.app/assets/img/th-1/portfolio-modern-img-4.jpg]
[masco-tailwind.netlify.app/assets/img/th-1/portfolio-modern-img-5.jpg]
[masco-tailwind.netlify.app/assets/img/th-1/portfolio-modern-img-6.jpg]
[masco-tailwind.netlify.app/assets/img/th-1/portfolio-modern-img-7.jpg]
[masco-tailwind.netlify.app/assets/img/th-1/portfolio-modern-img-8.jpg]
[masco-tailwind.netlify.app/assets/img/th-1/portfolio-modern-img-9.jpg]
[masco-tailwind.netlify.app/portfolio-3.html]
[masco-tailwind.netlify.app/assets/img/th-1/portfolio-minimal-img-1.jpg]
[masco-tailwind.netlify.app/assets/img/th-1/portfolio-minimal-img-2.jpg]
[masco-tailwind.netlify.app/assets/img/th-1/portfolio-minimal-img-3.jpg]
[masco-tailwind.netlify.app/portfolio-4.html]
[masco-tailwind.netlify.app/assets/img/th-1/portfolio-main-img.jpg]
[masco-tailwind.netlify.app/assets/img/th-1/portfolio-inner-img.jpg]
[masco-tailwind.netlify.app/portfolio-details.html]
[masco-tailwind.netlify.app/pricing.html]
[masco-tailwind.netlify.app/pricing-2.html]
[masco-tailwind.netlify.app/assets/img/th-1/careers-hero-image.jpg]
[masco-tailwind.netlify.app/careers.html]
[masco-tailwind.netlify.app/career-details.html]
[masco-tailwind.netlify.app/login.html]
[masco-tailwind.netlify.app/signup.html]
[masco-tailwind.netlify.app/reset-password.html]
[masco-tailwind.netlify.app/assets/js/vendors/countdown.js]
[masco-tailwind.netlify.app/coming-soon.html]
[masco-tailwind.netlify.app/error-404.html]
[masco-tailwind.netlify.app/assets/img/th-1/404-img.svg]
[masco-tailwind.netlify.app/assets/img/icons/icon-duotone-chat.svg]
[masco-tailwind.netlify.app/assets/img/icons/icon-duotone-phone.svg]
[masco-tailwind.netlify.app/assets/img/icons/icon-duotone-message.svg]
[masco-tailwind.netlify.app/assets/img/th-1/about-hero-user-blockquote-img-2.jpg]
[masco-tailwind.netlify.app/contact.html]
[masco-tailwind.netlify.app/contact-2.html]
[masco-tailwind.netlify.app/assets/img/elements/hero-4-start-shape-1.svg]
[masco-tailwind.netlify.app/img/elements/home-4-divider-shape-1.html]
[masco-tailwind.netlify.app/assets/img/icons/icon-violet-feature-1.svg]
[masco-tailwind.netlify.app/assets/img/icons/icon-violet-feature-2.svg]
[masco-tailwind.netlify.app/assets/img/icons/icon-violet-feature-3.svg]
[masco-tailwind.netlify.app/assets/img/icons/icon-violet-feature-4.svg]
[masco-tailwind.netlify.app/assets/img/elements/home-4-features-element.svg]
[masco-tailwind.netlify.app/img/elements/home-4-divider-shape-3.html]
[masco-tailwind.netlify.app/img/elements/home-4-divider-shape-4.html]
[masco-tailwind.netlify.app/assets/img/icons/icon-round-apple-app-store.svg]
[masco-tailwind.netlify.app/assets/img/icons/icon-round-google-play-store.svg]
[masco-tailwind.netlify.app/assets/img/elements/home-4-divider-shape-1.svg]
[masco-tailwind.netlify.app/assets/img/elements/home-4-divider-shape-3.svg]
[masco-tailwind.netlify.app/assets/img/elements/home-4-divider-shape-4.svg]
[masco-tailwind.netlify.app/assets/img/icons/icon-black-chevron-right-solid.svg]
[masco-tailwind.netlify.app/assets/img/elements/hero-4-bg-shape.svg]
[masco-tailwind.netlify.app/assets/fonts/webfonts/plus-jakarta-sans/PlusJakartaSans-Bold.woff2]
[masco-tailwind.netlify.app/contact-3]
[masco-tailwind.netlify.app/assets/fonts/iconfonts/font-awesome/fa-duotone-900.ttf]
[masco-tailwind.netlify.app/assets/fonts/webfonts/plus-jakarta-sans/PlusJakartaSans-BoldItalic.woff2]
[masco-tailwind.netlify.app/assets/fonts/webfonts/plus-jakarta-sans/PlusJakartaSans-Bold.woff]
[masco-tailwind.netlify.app/assets/fonts/webfonts/plus-jakarta-sans/PlusJakartaSans-ExtraBold.woff2]
[masco-tailwind.netlify.app/assets/fonts/webfonts/plus-jakarta-sans/PlusJakartaSans-BoldItalic.woff]
[masco-tailwind.netlify.app/assets/fonts/webfonts/plus-jakarta-sans/PlusJakartaSans-ExtraBold.woff]
[masco-tailwind.netlify.app/assets/fonts/webfonts/plus-jakarta-sans/PlusJakartaSans-ExtraBoldItalic.woff2]
[masco-tailwind.netlify.app/assets/fonts/webfonts/plus-jakarta-sans/PlusJakartaSans-ExtraBoldItalic.woff]
[masco-tailwind.netlify.app/assets/fonts/webfonts/plus-jakarta-sans/PlusJakartaSans-ExtraLight.woff2]
[masco-tailwind.netlify.app/assets/fonts/webfonts/plus-jakarta-sans/PlusJakartaSans-ExtraLightItalic.woff2]
[masco-tailwind.netlify.app/assets/fonts/webfonts/plus-jakarta-sans/PlusJakartaSans-ExtraLight.woff]
[masco-tailwind.netlify.app/assets/fonts/webfonts/plus-jakarta-sans/PlusJakartaSans-ExtraLightItalic.woff]
[masco-tailwind.netlify.app/assets/fonts/webfonts/plus-jakarta-sans/PlusJakartaSans-Italic.woff2]
[masco-tailwind.netlify.app/assets/fonts/webfonts/plus-jakarta-sans/PlusJakartaSans-Italic.woff]
[masco-tailwind.netlify.app/assets/fonts/webfonts/plus-jakarta-sans/PlusJakartaSans-Light.woff2]
[masco-tailwind.netlify.app/assets/fonts/webfonts/plus-jakarta-sans/PlusJakartaSans-LightItalic.woff2]
[masco-tailwind.netlify.app/assets/fonts/webfonts/plus-jakarta-sans/PlusJakartaSans-Light.woff]
[masco-tailwind.netlify.app/assets/fonts/webfonts/plus-jakarta-sans/PlusJakartaSans-LightItalic.woff]
[masco-tailwind.netlify.app/assets/fonts/webfonts/plus-jakarta-sans/PlusJakartaSans-Medium.woff2]
[masco-tailwind.netlify.app/assets/fonts/webfonts/plus-jakarta-sans/PlusJakartaSans-Medium.woff]
[masco-tailwind.netlify.app/assets/fonts/webfonts/plus-jakarta-sans/PlusJakartaSans-MediumItalic.woff2]
[masco-tailwind.netlify.app/assets/fonts/webfonts/plus-jakarta-sans/PlusJakartaSans-MediumItalic.woff]
[masco-tailwind.netlify.app/assets/fonts/webfonts/plus-jakarta-sans/PlusJakartaSans-SemiBold.woff2]
[masco-tailwind.netlify.app/assets/fonts/webfonts/plus-jakarta-sans/PlusJakartaSans-SemiBold.woff]
[masco-tailwind.netlify.app/assets/fonts/webfonts/plus-jakarta-sans/PlusJakartaSans-Regular.woff2]
[masco-tailwind.netlify.app/assets/fonts/webfonts/plus-jakarta-sans/PlusJakartaSans-Regular.woff]
[masco-tailwind.netlify.app/assets/fonts/webfonts/plus-jakarta-sans/PlusJakartaSans-SemiBoldItalic.woff2]
[masco-tailwind.netlify.app/assets/fonts/webfonts/plus-jakarta-sans/stylesheet.css]
[masco-tailwind.netlify.app/assets/img/elements/hero-1-shape-1.svg]
[masco-tailwind.netlify.app/assets/img/elements/hero-1-shape-2.svg]
[masco-tailwind.netlify.app/assets/img/icons/icon-black-service-1.svg]
[masco-tailwind.netlify.app/assets/img/icons/icon-blue-service-1.svg]
[masco-tailwind.netlify.app/assets/img/icons/icon-black-service-2.svg]
[masco-tailwind.netlify.app/assets/img/icons/icon-blue-service-2.svg]
[masco-tailwind.netlify.app/assets/img/icons/icon-black-service-3.svg]
[masco-tailwind.netlify.app/assets/img/icons/icon-blue-service-3.svg]
[masco-tailwind.netlify.app/assets/img/icons/icon-black-service-4.svg]
[masco-tailwind.netlify.app/assets/img/icons/icon-blue-service-4.svg]
[masco-tailwind.netlify.app/assets/img/elements/service-1-shape-1.svg]
[masco-tailwind.netlify.app/assets/img/elements/content-shape-1.svg]
[masco-tailwind.netlify.app/assets/img/elements/content-shape-2.svg]
[masco-tailwind.netlify.app/assets/img/elements/portfolio-1-shape-1.svg]
[masco-tailwind.netlify.app/assets/img/icons/icon-blue-quote-right-reverse.svg]
[masco-tailwind.netlify.app/assets/img/elements/faq-1-shape-1.svg]
[masco-tailwind.netlify.app/assets/img/elements/faq-1-shape-2.svg]
[masco-tailwind.netlify.app/assets/img/elements/cta-1-shape-1.svg]
[masco-tailwind.netlify.app/assets/img/icons/icon-green-star.svg]
[masco-tailwind.netlify.app/assets/img/elements/hero-2-shape-1.svg]
[masco-tailwind.netlify.app/assets/img/icons/icon-duotone-translate.svg]
[masco-tailwind.netlify.app/assets/img/icons/icon-duotone-user-list.svg]
[masco-tailwind.netlify.app/assets/img/icons/icon-duotone-private-message.svg]
[masco-tailwind.netlify.app/assets/img/elements/flower-shape-1.svg]
[masco-tailwind.netlify.app/assets/img/elements/flower-shape-2.svg]
[masco-tailwind.netlify.app/assets/img/icons/icon-apple-app-store.svg]
[masco-tailwind.netlify.app/assets/img/icons/icon-google-play-store.svg]
[masco-tailwind.netlify.app/assets/img/elements/hero-3-shapes-1.svg]
[masco-tailwind.netlify.app/assets/img/elements/hero-3-shapes-2.svg]
[masco-tailwind.netlify.app/assets/img/elements/hero-3-bg-shape.svg]
[masco-tailwind.netlify.app/assets/img/icons/icon-green-feature-1.svg]
[masco-tailwind.netlify.app/assets/img/icons/icon-green-feature-2.svg]
[masco-tailwind.netlify.app/assets/img/icons/icon-green-feature-3.svg]
[masco-tailwind.netlify.app/assets/img/elements/home-3-content-img-shape-1.svg]
[masco-tailwind.netlify.app/assets/img/elements/home-3-content-img-shape-2.svg]
[masco-tailwind.netlify.app/assets/fonts/webfonts/general-sans/GeneralSans-BoldItalic.woff2]
[masco-tailwind.netlify.app/assets/fonts/webfonts/plus-jakarta-sans/PlusJakartaSans-SemiBoldItalic.woff]
[masco-tailwind.netlify.app/assets/fonts/webfonts/general-sans/GeneralSans-Bold.woff2]
[masco-tailwind.netlify.app/assets/fonts/webfonts/general-sans/GeneralSans-BoldItalic.woff]
[masco-tailwind.netlify.app/assets/fonts/webfonts/general-sans/GeneralSans-LightItalic.woff2]
[masco-tailwind.netlify.app/assets/fonts/webfonts/general-sans/GeneralSans-Bold.woff]
[masco-tailwind.netlify.app/assets/fonts/webfonts/general-sans/GeneralSans-Light.woff2]
[masco-tailwind.netlify.app/assets/fonts/webfonts/general-sans/GeneralSans-LightItalic.woff]
[masco-tailwind.netlify.app/assets/fonts/webfonts/general-sans/GeneralSans-Light.woff]
[masco-tailwind.netlify.app/assets/fonts/webfonts/general-sans/GeneralSans-SemiboldItalic.woff2]
[masco-tailwind.netlify.app/assets/fonts/webfonts/general-sans/GeneralSans-Italic.woff2]
[masco-tailwind.netlify.app/assets/fonts/webfonts/general-sans/GeneralSans-SemiboldItalic.woff]
[masco-tailwind.netlify.app/assets/fonts/webfonts/general-sans/GeneralSans-Extralight.woff2]
[masco-tailwind.netlify.app/assets/fonts/webfonts/general-sans/GeneralSans-Italic.woff]
[masco-tailwind.netlify.app/assets/fonts/webfonts/general-sans/GeneralSans-Extralight.woff]
[masco-tailwind.netlify.app/assets/fonts/webfonts/general-sans/GeneralSans-Medium.woff2]
[masco-tailwind.netlify.app/assets/fonts/webfonts/general-sans/GeneralSans-Medium.woff]
[masco-tailwind.netlify.app/assets/fonts/webfonts/general-sans/GeneralSans-Regular.woff2]
[masco-tailwind.netlify.app/assets/fonts/webfonts/general-sans/GeneralSans-Regular.woff]
[masco-tailwind.netlify.app/assets/fonts/webfonts/general-sans/GeneralSans-Semibold.woff2]
[masco-tailwind.netlify.app/assets/fonts/webfonts/general-sans/GeneralSans-ExtralightItalic.woff2]
[masco-tailwind.netlify.app/assets/fonts/webfonts/general-sans/GeneralSans-Semibold.woff]
[masco-tailwind.netlify.app/assets/fonts/webfonts/general-sans/GeneralSans-ExtralightItalic.woff]
[masco-tailwind.netlify.app/assets/fonts/webfonts/general-sans/GeneralSans-MediumItalic.woff2]
[masco-tailwind.netlify.app/assets/fonts/webfonts/general-sans/stylesheet.css]
[masco-tailwind.netlify.app/assets/img/icons/icon-tangerine-feature-1.svg]
[masco-tailwind.netlify.app/assets/img/icons/icon-tangerine-feature-2.svg]
[masco-tailwind.netlify.app/assets/img/icons/icon-tangerine-feature-3.svg]
[masco-tailwind.netlify.app/assets/img/elements/home-5-content-img-shape-1.svg]
[masco-tailwind.netlify.app/assets/img/elements/home-5-service-bg-shape.svg]
[masco-tailwind.netlify.app/assets/img/icons/icon-black-home-5-pricing-1.svg]
[masco-tailwind.netlify.app/assets/img/icons/icon-black-home-5-pricing-2.svg]
[masco-tailwind.netlify.app/assets/img/icons/icon-black-home-5-pricing-3.svg]
[masco-tailwind.netlify.app/assets/img/icons/icon-tangerine-quote.svg]
[masco-tailwind.netlify.app/assets/img/icons/icon-black-mail-close.svg]
[masco-tailwind.netlify.app/assets/img/icons/icon-black-mail-open.svg]
[masco-tailwind.netlify.app/assets/img/icons/icon-black-pen.svg]
[masco-tailwind.netlify.app/assets/img/icons/icon-white-process-1.svg]
[masco-tailwind.netlify.app/assets/img/icons/icon-white-process-2.svg]
[masco-tailwind.netlify.app/assets/img/icons/icon-white-process-3.svg]
[masco-tailwind.netlify.app/assets/img/icons/icon-black-service-7.svg]
[masco-tailwind.netlify.app/assets/img/icons/icon-black-service-8.svg]
[masco-tailwind.netlify.app/assets/img/icons/icon-black-service-9.svg]
[masco-tailwind.netlify.app/assets/img/icons/icon-black-service-10.svg]
[masco-tailwind.netlify.app/assets/img/icons/icon-color-zoom.svg]
[masco-tailwind.netlify.app/assets/img/icons/icon-color-spotify.svg]
[masco-tailwind.netlify.app/assets/img/icons/icon-color-gmail.svg]
[masco-tailwind.netlify.app/assets/img/icons/icon-color-whatsapp.svg]
[masco-tailwind.netlify.app/assets/img/icons/icon-color-shopify.svg]
[masco-tailwind.netlify.app/assets/img/icons/icon-color-figma.svg]
[masco-tailwind.netlify.app/assets/img/icons/icon-color-slack.svg]
[masco-tailwind.netlify.app/assets/img/icons/icon-color-dropbox.svg]
[masco-tailwind.netlify.app/assets/img/icons/icon-color-mailchimp.svg]
[masco-tailwind.netlify.app/assets/img/icons/icon-color-skype.svg]
[masco-tailwind.netlify.app/assets/img/icons/icon-color-discord.svg]
[masco-tailwind.netlify.app/assets/img/icons/icon-color-snapchat.svg]
[masco-tailwind.netlify.app/assets/img/elements/gear-shape.svg]
[masco-tailwind.netlify.app/assets/fonts/webfonts/general-sans/GeneralSans-MediumItalic.woff]
[masco-tailwind.netlify.app/assets/fonts/webfonts/cabin/Cabin-Bold.woff2]
[masco-tailwind.netlify.app/assets/fonts/webfonts/cabin/Cabin-Bold.woff]
[masco-tailwind.netlify.app/assets/fonts/webfonts/cabin/Cabin-BoldItalic.woff2]
[masco-tailwind.netlify.app/assets/fonts/webfonts/cabin/Cabin-BoldItalic.woff]
[masco-tailwind.netlify.app/assets/fonts/webfonts/cabin/Cabin-Medium.woff2]
[masco-tailwind.netlify.app/assets/fonts/webfonts/cabin/Cabin-Medium.woff]
[masco-tailwind.netlify.app/assets/fonts/webfonts/cabin/Cabin-MediumItalic.woff2]
[masco-tailwind.netlify.app/assets/fonts/webfonts/cabin/Cabin-MediumItalic.woff]
[masco-tailwind.netlify.app/assets/fonts/webfonts/cabin/Cabin-Regular.woff2]
[masco-tailwind.netlify.app/assets/fonts/webfonts/cabin/Cabin-Regular.woff]
[masco-tailwind.netlify.app/assets/fonts/webfonts/cabin/Cabin-Italic.woff2]
[masco-tailwind.netlify.app/assets/fonts/webfonts/cabin/Cabin-Italic.woff]
[masco-tailwind.netlify.app/assets/fonts/webfonts/cabin/Cabin-SemiBoldItalic.woff2]
[masco-tailwind.netlify.app/assets/fonts/webfonts/cabin/Cabin-SemiBoldItalic.woff]
[masco-tailwind.netlify.app/assets/fonts/webfonts/cabin/Cabin-SemiBold.woff2]
[masco-tailwind.netlify.app/assets/fonts/webfonts/cabin/stylesheet.css]
[masco-tailwind.netlify.app/assets/img/icons/icon-6-arm-thin-star-yellow.svg]
[masco-tailwind.netlify.app/assets/img/icons/icon-6-arm-thin-star-purple.svg]
[masco-tailwind.netlify.app/assets/img/icons/icon-6-arm-thin-star-light-blue.svg]
[masco-tailwind.netlify.app/assets/img/icons/icon-black-down-arrow.svg]
[masco-tailwind.netlify.app/assets/img/icons/icon-black-home-7-service-1.svg]
[masco-tailwind.netlify.app/assets/img/icons/icon-black-home-7-service-2.svg]
[masco-tailwind.netlify.app/assets/img/icons/icon-black-home-7-service-3.svg]
[masco-tailwind.netlify.app/assets/img/icons/icon-black-home-7-service-4.svg]
[masco-tailwind.netlify.app/assets/img/icons/icon-black-home-7-service-5.svg]
[masco-tailwind.netlify.app/assets/img/icons/icon-black-home-7-service-6.svg]
[masco-tailwind.netlify.app/assets/img/icons/icon-black-home-7-service-7.svg]
[masco-tailwind.netlify.app/assets/img/icons/icon-black-home-7-service-8.svg]
[masco-tailwind.netlify.app/assets/fonts/webfonts/cabin/Cabin-SemiBold.woff]
[masco-tailwind.netlify.app/assets/fonts/webfonts/public-sans/PublicSans-Black.woff2]
[masco-tailwind.netlify.app/assets/fonts/webfonts/public-sans/PublicSans-Black.woff]
[masco-tailwind.netlify.app/assets/fonts/webfonts/public-sans/PublicSans-BlackItalic.woff2]
[masco-tailwind.netlify.app/assets/fonts/webfonts/public-sans/PublicSans-BlackItalic.woff]
[masco-tailwind.netlify.app/assets/fonts/webfonts/public-sans/PublicSans-Bold.woff2]
[masco-tailwind.netlify.app/assets/fonts/webfonts/public-sans/PublicSans-ExtraBold.woff2]
[masco-tailwind.netlify.app/assets/fonts/webfonts/public-sans/PublicSans-Bold.woff]
[masco-tailwind.netlify.app/assets/fonts/webfonts/public-sans/PublicSans-ExtraBold.woff]
[masco-tailwind.netlify.app/assets/fonts/webfonts/public-sans/PublicSans-BoldItalic.woff2]
[masco-tailwind.netlify.app/assets/fonts/webfonts/public-sans/PublicSans-BoldItalic.woff]
[masco-tailwind.netlify.app/assets/fonts/webfonts/public-sans/PublicSans-ExtraLight.woff2]
[masco-tailwind.netlify.app/assets/fonts/webfonts/public-sans/PublicSans-ExtraLight.woff]
[masco-tailwind.netlify.app/assets/fonts/webfonts/public-sans/PublicSans-ExtraBoldItalic.woff2]
[masco-tailwind.netlify.app/assets/fonts/webfonts/public-sans/PublicSans-ExtraBoldItalic.woff]
[masco-tailwind.netlify.app/assets/fonts/webfonts/public-sans/PublicSans-ExtraLightItalic.woff2]
[masco-tailwind.netlify.app/assets/fonts/webfonts/public-sans/PublicSans-Italic.woff2]
[masco-tailwind.netlify.app/assets/fonts/webfonts/public-sans/PublicSans-ExtraLightItalic.woff]
[masco-tailwind.netlify.app/assets/fonts/webfonts/public-sans/PublicSans-Italic.woff]
[masco-tailwind.netlify.app/assets/fonts/webfonts/public-sans/PublicSans-LightItalic.woff2]
[masco-tailwind.netlify.app/assets/fonts/webfonts/public-sans/PublicSans-LightItalic.woff]
[masco-tailwind.netlify.app/assets/fonts/webfonts/public-sans/PublicSans-Light.woff2]
[masco-tailwind.netlify.app/assets/fonts/webfonts/public-sans/PublicSans-Light.woff]
[masco-tailwind.netlify.app/assets/fonts/webfonts/public-sans/PublicSans-Medium.woff2]
[masco-tailwind.netlify.app/assets/fonts/webfonts/public-sans/PublicSans-Medium.woff]
[masco-tailwind.netlify.app/assets/fonts/webfonts/public-sans/PublicSans-Regular.woff2]
[masco-tailwind.netlify.app/assets/fonts/webfonts/public-sans/PublicSans-Regular.woff]
[masco-tailwind.netlify.app/assets/fonts/webfonts/public-sans/PublicSans-MediumItalic.woff2]
[masco-tailwind.netlify.app/assets/fonts/webfonts/public-sans/PublicSans-MediumItalic.woff]
[masco-tailwind.netlify.app/assets/fonts/webfonts/public-sans/PublicSans-Thin.woff2]
[masco-tailwind.netlify.app/assets/fonts/webfonts/public-sans/PublicSans-Thin.woff]
[masco-tailwind.netlify.app/assets/fonts/webfonts/public-sans/PublicSans-SemiBold.woff2]
[masco-tailwind.netlify.app/assets/fonts/webfonts/public-sans/PublicSans-SemiBold.woff]
[masco-tailwind.netlify.app/assets/fonts/webfonts/public-sans/PublicSans-SemiBoldItalic.woff2]
[masco-tailwind.netlify.app/assets/fonts/webfonts/public-sans/PublicSans-SemiBoldItalic.woff]
[masco-tailwind.netlify.app/assets/fonts/webfonts/public-sans/PublicSans-ThinItalic.woff2]
[masco-tailwind.netlify.app/assets/fonts/webfonts/public-sans/stylesheet.css]
[masco-tailwind.netlify.app/assets/img/elements/hero-8-content-shape.svg]
[masco-tailwind.netlify.app/assets/img/elements/home-8-dot-shape.svg]
[masco-tailwind.netlify.app/assets/img/elements/section-devider-black.svg]
[masco-tailwind.netlify.app/assets/img/elements/home-8-dot-shape-2.svg]
[masco-tailwind.netlify.app/assets/img/elements/home-8-dot-shape-3.svg]
[masco-tailwind.netlify.app/assets/img/icons/icon-purple-flash.svg]
[masco-tailwind.netlify.app/assets/img/elements/home-8-dot-shape-4.svg]
[masco-tailwind.netlify.app/assets/img/elements/home-8-dot-shape-5.svg]
[masco-tailwind.netlify.app/assets/img/elements/home-8-dot-shape-6.svg]
[masco-tailwind.netlify.app/assets/img/elements/home-8-dot-shape-7.svg]
[masco-tailwind.netlify.app/assets/fonts/webfonts/public-sans/PublicSans-ThinItalic.woff]
[masco-tailwind.netlify.app/assets/fonts/webfonts/syne/Syne-Bold.woff2]
[masco-tailwind.netlify.app/assets/fonts/webfonts/syne/Syne-Regular.woff2]
[masco-tailwind.netlify.app/assets/fonts/webfonts/syne/Syne-Bold.woff]
[masco-tailwind.netlify.app/assets/fonts/webfonts/syne/Syne-ExtraBold.woff2]
[masco-tailwind.netlify.app/assets/fonts/webfonts/syne/Syne-Regular.woff]
[masco-tailwind.netlify.app/assets/fonts/webfonts/syne/Syne-SemiBold.woff2]
[masco-tailwind.netlify.app/assets/fonts/webfonts/syne/Syne-ExtraBold.woff]
[masco-tailwind.netlify.app/assets/fonts/webfonts/syne/Syne-SemiBold.woff]
[masco-tailwind.netlify.app/assets/fonts/webfonts/syne/Syne-Medium.woff2]
[masco-tailwind.netlify.app/assets/fonts/webfonts/syne/stylesheet.css]
[masco-tailwind.netlify.app/assets/img/elements/home-9-hero-bg-shape.svg]
[masco-tailwind.netlify.app/assets/img/icons/icon-black-home-9-feature-1.svg]
[masco-tailwind.netlify.app/assets/img/icons/icon-black-home-9-feature-2.svg]
[masco-tailwind.netlify.app/assets/img/icons/icon-black-home-9-feature-3.svg]
[masco-tailwind.netlify.app/assets/img/icons/icon-black-home-9-feature-4.svg]
[masco-tailwind.netlify.app/assets/img/elements/home-9-bg-shape-1.svg]
[masco-tailwind.netlify.app/assets/img/icons/home-9-tab-icon-1.svg]
[masco-tailwind.netlify.app/assets/img/icons/home-9-tab-icon-1-active.svg]
[masco-tailwind.netlify.app/assets/img/icons/home-9-tab-icon-2.svg]
[masco-tailwind.netlify.app/assets/img/icons/home-9-tab-icon-2-active.svg]
[masco-tailwind.netlify.app/assets/img/icons/home-9-tab-icon-3.svg]
[masco-tailwind.netlify.app/assets/img/icons/home-9-tab-icon-3-active.svg]
[masco-tailwind.netlify.app/assets/img/icons/home-9-tab-icon-4.svg]
[masco-tailwind.netlify.app/assets/img/icons/home-9-tab-icon-4-active.svg]
[masco-tailwind.netlify.app/assets/img/elements/home-9-bg-shape-2.svg]
[masco-tailwind.netlify.app/assets/img/elements/home-9-bg-shape-3.svg]
[masco-tailwind.netlify.app/assets/img/icons/icon-corn-download.svg]
[masco-tailwind.netlify.app/assets/img/icons/icon-corn-pencil-alt.svg]
[masco-tailwind.netlify.app/assets/img/icons/icon-corn-cursor-click.svg]
[masco-tailwind.netlify.app/assets/img/elements/discount-text.svg]
[masco-tailwind.netlify.app/assets/img/icons/icon-colorful-wide-spotify.svg]
[masco-tailwind.netlify.app/assets/img/icons/icon-colorful-wide-zoom.svg]
[masco-tailwind.netlify.app/assets/img/icons/icon-colorful-wide-slack.svg]
[masco-tailwind.netlify.app/assets/img/icons/icon-colorful-wide-hotjar.svg]
[masco-tailwind.netlify.app/assets/img/icons/icon-colorful-wide-hubspot.svg]
[masco-tailwind.netlify.app/assets/img/icons/icon-colorful-wide-shopify.svg]
[masco-tailwind.netlify.app/assets/img/icons/icon-colorful-wide-whatsapp.svg]
[masco-tailwind.netlify.app/assets/img/icons/icon-colorful-wide-zalando.svg]
[masco-tailwind.netlify.app/assets/img/icons/icon-colorful-wide-gitlab.svg]
[masco-tailwind.netlify.app/assets/img/icons/icon-colorful-wide-zendesk.svg]
[masco-tailwind.netlify.app/assets/img/icons/icon-colorful-wide-asana.svg]
[masco-tailwind.netlify.app/assets/img/icons/icon-colorful-wide-jira.svg]
[masco-tailwind.netlify.app/assets/img/icons/icon-orange-block-quote.svg]
[masco-tailwind.netlify.app/assets/img/elements/home-9-bg-shape-4.svg]
[masco-tailwind.netlify.app/assets/fonts/webfonts/syne/Syne-Medium.woff]
[masco-tailwind.netlify.app/assets/fonts/webfonts/clash-display/ClashDisplay-Extralight.woff2]
[masco-tailwind.netlify.app/assets/fonts/webfonts/clash-display/ClashDisplay-Extralight.woff]
[masco-tailwind.netlify.app/assets/fonts/webfonts/clash-display/ClashDisplay-Bold.woff2]
[masco-tailwind.netlify.app/assets/fonts/webfonts/clash-display/ClashDisplay-Bold.woff]
[masco-tailwind.netlify.app/assets/fonts/webfonts/clash-display/ClashDisplay-Light.woff2]
[masco-tailwind.netlify.app/assets/fonts/webfonts/clash-display/ClashDisplay-Light.woff]
[masco-tailwind.netlify.app/assets/fonts/webfonts/clash-display/ClashDisplay-Regular.woff2]
[masco-tailwind.netlify.app/assets/fonts/webfonts/clash-display/ClashDisplay-Regular.woff]
[masco-tailwind.netlify.app/assets/fonts/webfonts/clash-display/ClashDisplay-Medium.woff2]
[masco-tailwind.netlify.app/assets/fonts/webfonts/clash-display/ClashDisplay-Semibold.woff2]
[masco-tailwind.netlify.app/assets/fonts/webfonts/clash-display/ClashDisplay-Medium.woff]
[masco-tailwind.netlify.app/assets/fonts/webfonts/clash-display/stylesheet.css]
[masco-tailwind.netlify.app/assets/img/icons/trustpilot-logo.svg]
[masco-tailwind.netlify.app/assets/img/icons/icon-black-home-10-feature-1.svg]
[masco-tailwind.netlify.app/assets/img/icons/icon-black-home-10-feature-2.svg]
[masco-tailwind.netlify.app/assets/img/icons/icon-black-home-10-feature-3.svg]
[masco-tailwind.netlify.app/assets/img/icons/icon-black-home-10-feature-4.svg]
[masco-tailwind.netlify.app/assets/img/icons/icon-black-home-10-feature-5.svg]
[masco-tailwind.netlify.app/assets/img/icons/icon-black-home-10-feature-6.svg]
[masco-tailwind.netlify.app/assets/img/icons/icon-denim-pencil.svg]
[masco-tailwind.netlify.app/assets/img/icons/icon-denim-shopping-cart.svg]
[masco-tailwind.netlify.app/assets/img/icons/icon-denim-chat-alt-2.svg]
[masco-tailwind.netlify.app/assets/img/icons/icon-denim-mail.svg]
[masco-tailwind.netlify.app/assets/img/icons/icon-denim-desktop-computer.svg]
[masco-tailwind.netlify.app/assets/fonts/webfonts/clash-display/ClashDisplay-Semibold.woff]
[masco-tailwind.netlify.app/assets/fonts/webfonts/kanit/Kanit-Black.woff2]
[masco-tailwind.netlify.app/assets/fonts/webfonts/kanit/Kanit-Black.woff]
[masco-tailwind.netlify.app/assets/fonts/webfonts/kanit/Kanit-BlackItalic.woff2]
[masco-tailwind.netlify.app/assets/fonts/webfonts/kanit/Kanit-Bold.woff2]
[masco-tailwind.netlify.app/assets/fonts/webfonts/kanit/Kanit-BlackItalic.woff]
[masco-tailwind.netlify.app/assets/fonts/webfonts/kanit/Kanit-Bold.woff]
[masco-tailwind.netlify.app/assets/fonts/webfonts/kanit/Kanit-BoldItalic.woff2]
[masco-tailwind.netlify.app/assets/fonts/webfonts/kanit/Kanit-ExtraBold.woff2]
[masco-tailwind.netlify.app/assets/fonts/webfonts/kanit/Kanit-BoldItalic.woff]
[masco-tailwind.netlify.app/assets/fonts/webfonts/kanit/Kanit-ExtraBold.woff]
[masco-tailwind.netlify.app/assets/fonts/webfonts/kanit/Kanit-ExtraBoldItalic.woff2]
[masco-tailwind.netlify.app/assets/fonts/webfonts/kanit/Kanit-ExtraBoldItalic.woff]
[masco-tailwind.netlify.app/assets/fonts/webfonts/kanit/Kanit-ExtraLight.woff2]
[masco-tailwind.netlify.app/assets/fonts/webfonts/kanit/Kanit-ExtraLightItalic.woff2]
[masco-tailwind.netlify.app/assets/fonts/webfonts/kanit/Kanit-ExtraLight.woff]
[masco-tailwind.netlify.app/assets/fonts/webfonts/kanit/Kanit-ExtraLightItalic.woff]
[masco-tailwind.netlify.app/assets/fonts/webfonts/kanit/Kanit-Italic.woff2]
[masco-tailwind.netlify.app/assets/fonts/webfonts/kanit/Kanit-Light.woff2]
[masco-tailwind.netlify.app/assets/fonts/webfonts/kanit/Kanit-Italic.woff]
[masco-tailwind.netlify.app/assets/fonts/webfonts/kanit/Kanit-Light.woff]
[masco-tailwind.netlify.app/assets/fonts/webfonts/kanit/Kanit-LightItalic.woff2]
[masco-tailwind.netlify.app/assets/fonts/webfonts/kanit/Kanit-Medium.woff2]
[masco-tailwind.netlify.app/assets/fonts/webfonts/kanit/Kanit-MediumItalic.woff2]
[masco-tailwind.netlify.app/assets/fonts/webfonts/kanit/Kanit-LightItalic.woff]
[masco-tailwind.netlify.app/assets/fonts/webfonts/kanit/Kanit-MediumItalic.woff]
[masco-tailwind.netlify.app/assets/fonts/webfonts/kanit/Kanit-Medium.woff]
[masco-tailwind.netlify.app/assets/fonts/webfonts/kanit/Kanit-SemiBold.woff2]
[masco-tailwind.netlify.app/assets/fonts/webfonts/kanit/Kanit-SemiBold.woff]
[masco-tailwind.netlify.app/assets/fonts/webfonts/kanit/Kanit-Regular.woff2]
[masco-tailwind.netlify.app/assets/fonts/webfonts/kanit/Kanit-Regular.woff]
[masco-tailwind.netlify.app/assets/fonts/webfonts/kanit/Kanit-Thin.woff2]
[masco-tailwind.netlify.app/assets/fonts/webfonts/kanit/Kanit-SemiBoldItalic.woff2]
[masco-tailwind.netlify.app/assets/fonts/webfonts/kanit/Kanit-Thin.woff]
[masco-tailwind.netlify.app/assets/fonts/webfonts/kanit/Kanit-ThinItalic.woff2]
[masco-tailwind.netlify.app/assets/fonts/webfonts/kanit/Kanit-SemiBoldItalic.woff]
[masco-tailwind.netlify.app/assets/fonts/webfonts/kanit/stylesheet.css]
[masco-tailwind.netlify.app/assets/img/elements/hero-10-bg-shape.svg]
[masco-tailwind.netlify.app/assets/img/icons/icon-black-home-11-feature-1.svg]
[masco-tailwind.netlify.app/assets/img/icons/icon-black-home-11-feature-2.svg]
[masco-tailwind.netlify.app/assets/img/icons/icon-black-home-11-feature-3.svg]
[masco-tailwind.netlify.app/assets/img/icons/icon-black-home-11-feature-4.svg]
[masco-tailwind.netlify.app/assets/img/icons/icon-green-black-duotone-faq-1.svg]
[masco-tailwind.netlify.app/assets/img/icons/icon-green-black-duotone-faq-2.svg]
[masco-tailwind.netlify.app/assets/img/icons/icon-green-black-duotone-faq-3.svg]
[masco-tailwind.netlify.app/assets/fonts/webfonts/kanit/Kanit-ThinItalic.woff]
[masco-tailwind.netlify.app/assets/fonts/webfonts/sora/Sora-Light.woff2]
[masco-tailwind.netlify.app/assets/fonts/webfonts/sora/Sora-Light.woff]
[masco-tailwind.netlify.app/assets/fonts/webfonts/sora/Sora-Regular.woff2]
[masco-tailwind.netlify.app/assets/fonts/webfonts/sora/Sora-Regular.woff]
[masco-tailwind.netlify.app/assets/fonts/webfonts/sora/Sora-Medium.woff2]
[masco-tailwind.netlify.app/assets/fonts/webfonts/sora/Sora-Medium.woff]
[masco-tailwind.netlify.app/assets/fonts/webfonts/sora/Sora-ExtraLight.woff2]
[masco-tailwind.netlify.app/assets/fonts/webfonts/sora/Sora-ExtraLight.woff]
[masco-tailwind.netlify.app/assets/fonts/webfonts/sora/Sora-Bold.woff2]
[masco-tailwind.netlify.app/assets/fonts/webfonts/sora/Sora-ExtraBold.woff2]
[masco-tailwind.netlify.app/assets/fonts/webfonts/sora/Sora-Bold.woff]
[masco-tailwind.netlify.app/assets/fonts/webfonts/sora/Sora-SemiBold.woff2]
[masco-tailwind.netlify.app/assets/fonts/webfonts/sora/Sora-ExtraBold.woff]
[masco-tailwind.netlify.app/assets/fonts/webfonts/sora/Sora-SemiBold.woff]
[masco-tailwind.netlify.app/assets/fonts/webfonts/sora/Sora-Thin.woff2]
[masco-tailwind.netlify.app/assets/fonts/webfonts/sora/stylesheet.css]
[masco-tailwind.netlify.app/assets/img/elements/hero-12-shape-2.svg]
[masco-tailwind.netlify.app/assets/img/icons/icon-black-home-12-feature-1.svg]
[masco-tailwind.netlify.app/assets/img/icons/icon-black-arrow-right.svg]
[masco-tailwind.netlify.app/assets/img/icons/icon-black-home-12-feature-2.svg]
[masco-tailwind.netlify.app/assets/img/icons/icon-black-home-12-feature-3.svg]
[masco-tailwind.netlify.app/assets/img/icons/icon-black-home-12-feature-4.svg]
[masco-tailwind.netlify.app/assets/img/icons/icon-purple-home-12-content-1.svg]
[masco-tailwind.netlify.app/assets/img/icons/icon-purple-home-12-content-2.svg]
[masco-tailwind.netlify.app/assets/img/icons/icon-purple-home-12-content-3.svg]
[masco-tailwind.netlify.app/assets/img/icons/icon-purple-video-btn.svg]
[masco-tailwind.netlify.app/assets/img/icons/icon-purple-home-12-content-4.svg]
[masco-tailwind.netlify.app/assets/img/icons/icon-purple-home-12-content-5.svg]
[masco-tailwind.netlify.app/assets/img/icons/icon-purple-home-12-content-6.svg]
[masco-tailwind.netlify.app/assets/img/icons/icon-rum-swizzle-dial-star.svg]
[masco-tailwind.netlify.app/assets/img/icons/icon-purple-quote.svg]
[masco-tailwind.netlify.app/assets/img/elements/home-12-cta-shape.svg]
[masco-tailwind.netlify.app/assets/img/elements/hero-12-shape-1.svg]
[masco-tailwind.netlify.app/assets/fonts/webfonts/outfit/stylesheet.css]
[masco-tailwind.netlify.app/assets/fonts/webfonts/sora/Sora-Thin.woff]
[masco-tailwind.netlify.app/assets/img/th-13/hero-img.png]
[masco-tailwind.netlify.app/assets/img/th-13/content-img-1.png]
[masco-tailwind.netlify.app/assets/img/icons/icon-black-home-13-service-1.svg]
[masco-tailwind.netlify.app/assets/img/icons/icon-white-home-13-service-1.svg]
[masco-tailwind.netlify.app/assets/img/icons/icon-black-home-13-service-2.svg]
[masco-tailwind.netlify.app/assets/img/icons/icon-white-home-13-service-2.svg]
[masco-tailwind.netlify.app/assets/img/icons/icon-black-home-13-service-3.svg]
[masco-tailwind.netlify.app/assets/img/icons/icon-white-home-13-service-3.svg]
[masco-tailwind.netlify.app/assets/img/icons/icon-black-home-13-service-4.svg]
[masco-tailwind.netlify.app/assets/img/icons/icon-white-home-13-service-4.svg]
[masco-tailwind.netlify.app/assets/img/th-13/content-img-2.png]
[masco-tailwind.netlify.app/assets/img/th-13/cryptocurrency-img-1.png]
[masco-tailwind.netlify.app/assets/img/th-13/cryptocurrency-img-2.png]
[masco-tailwind.netlify.app/assets/img/th-13/cryptocurrency-img-3.png]
[masco-tailwind.netlify.app/assets/img/th-13/cryptocurrency-img-4.png]
[masco-tailwind.netlify.app/assets/img/th-13/cryptocurrency-img-5.png]
[masco-tailwind.netlify.app/assets/img/th-13/cryptocurrency-img-6.png]
[masco-tailwind.netlify.app/assets/img/th-13/cryptocurrency-img-7.png]
[masco-tailwind.netlify.app/assets/img/th-13/cryptocurrency-img-8.png]
[masco-tailwind.netlify.app/assets/img/th-13/testimonial-user-1.png]
[masco-tailwind.netlify.app/assets/img/th-13/testimonial-user-2.png]
[masco-tailwind.netlify.app/assets/img/th-13/testimonial-user-3.png]
[masco-tailwind.netlify.app/assets/img/th-13/cta-img.png]
[masco-tailwind.netlify.app/assets/img/logo-light.png]
[masco-tailwind.netlify.app/index-13]
[masco-tailwind.netlify.app/assets/img/elements/home-14-hero-shape.svg]
[masco-tailwind.netlify.app/assets/img/icons/icon-honeysuckle-home-14-service-1.svg]
[masco-tailwind.netlify.app/assets/img/icons/icon-honeysuckle-home-14-service-2.svg]
[masco-tailwind.netlify.app/assets/img/icons/icon-honeysuckle-home-14-service-3.svg]
[masco-tailwind.netlify.app/assets/img/icons/icon-honeysuckle-home-14-service-4.svg]
[masco-tailwind.netlify.app/assets/img/icons/icon-honeysuckle-home-14-service-5.svg]
[masco-tailwind.netlify.app/assets/img/icons/icon-honeysuckle-home-14-service-6.svg]
[masco-tailwind.netlify.app/assets/img/icons/icon-honeysuckle-home-14-service-7.svg]
[masco-tailwind.netlify.app/assets/img/icons/icon-honeysuckle-home-14-service-8.svg]
[masco-tailwind.netlify.app/assets/img/icons/icon-honeysuckle-home-14-service-9.svg]
[masco-tailwind.netlify.app/assets/img/icons/icon-honey-suckle-star-of-life.svg]
[masco-tailwind.netlify.app/assets/img/elements/home-14-footer-shape.svg]
[masco-tailwind.netlify.app/assets/img/icons/icon-white-top-right.svg]
[masco-tailwind.netlify.app/assets/img/icons/icon-blue-top-right.svg]
[masco-tailwind.netlify.app/assets/img/elements/breadcrumb-shape-1.svg]
[masco-tailwind.netlify.app/assets/img/elements/breadcrumb-shape-2.svg]
[masco-tailwind.netlify.app/assets/img/icons/icon-yellow-feature-1.svg]
[masco-tailwind.netlify.app/assets/img/icons/icon-yellow-feature-2.svg]
[masco-tailwind.netlify.app/assets/img/icons/icon-yellow-feature-3.svg]
[masco-tailwind.netlify.app/assets/img/icons/icon-yellow-feature-4.svg]
[masco-tailwind.netlify.app/assets/img/icons/icon-yellow-feature-5.svg]
[masco-tailwind.netlify.app/assets/img/icons/icon-yellow-feature-6.svg]
[masco-tailwind.netlify.app/assets/img/icons/icon-black-service-5.svg]
[masco-tailwind.netlify.app/assets/img/icons/icon-blue-service-5.svg]
[masco-tailwind.netlify.app/assets/img/icons/icon-black-service-6.svg]
[masco-tailwind.netlify.app/assets/img/icons/icon-blue-service-6.svg]
[masco-tailwind.netlify.app/assets/img/th-1/404-img.svg]
[masco-tailwind.netlify.app/assets/img/icons/icon-duotone-chat.svg]
[masco-tailwind.netlify.app/assets/img/icons/icon-duotone-phone.svg]
[masco-tailwind.netlify.app/assets/img/icons/icon-duotone-message.svg]
[masco-tailwind.netlify.app/contact-3]
[masco-tailwind.netlify.app/assets/img/elements/hero-4-bg-shape.svg]
[masco-tailwind.netlify.app/assets/img/elements/hero-12-shape-1.svg]
[masco-tailwind.netlify.app/assets/fonts/webfonts/outfit/Outfit-Bold.woff2]
[masco-tailwind.netlify.app/assets/fonts/webfonts/outfit/Outfit-Black.woff2]
[masco-tailwind.netlify.app/assets/fonts/webfonts/outfit/Outfit-Bold.woff]
[masco-tailwind.netlify.app/assets/fonts/webfonts/outfit/Outfit-Black.woff]
[masco-tailwind.netlify.app/assets/fonts/webfonts/outfit/Outfit-ExtraBold.woff2]
[masco-tailwind.netlify.app/assets/fonts/webfonts/outfit/Outfit-ExtraLight.woff2]
[masco-tailwind.netlify.app/assets/fonts/webfonts/outfit/Outfit-ExtraBold.woff]
[masco-tailwind.netlify.app/assets/fonts/webfonts/outfit/Outfit-Medium.woff2]
[masco-tailwind.netlify.app/assets/fonts/webfonts/outfit/Outfit-ExtraLight.woff]
[masco-tailwind.netlify.app/assets/fonts/webfonts/outfit/Outfit-Light.woff2]
[masco-tailwind.netlify.app/assets/fonts/webfonts/outfit/Outfit-Medium.woff]
[masco-tailwind.netlify.app/assets/fonts/webfonts/outfit/Outfit-Light.woff]
[masco-tailwind.netlify.app/assets/fonts/webfonts/outfit/Outfit-SemiBold.woff2]
[masco-tailwind.netlify.app/assets/fonts/webfonts/outfit/Outfit-SemiBold.woff]
[masco-tailwind.netlify.app/assets/fonts/webfonts/outfit/Outfit-Thin.woff2]
[masco-tailwind.netlify.app/assets/fonts/webfonts/outfit/Outfit-Thin.woff]
[masco-tailwind.netlify.app/assets/fonts/webfonts/outfit/Outfit-Regular.woff2]
[masco-tailwind.netlify.app/assets/fonts/webfonts/outfit/stylesheet.css]
[masco-tailwind.netlify.app/assets/img/icons/icon-black-home-13-service-1.svg]
[masco-tailwind.netlify.app/assets/img/icons/icon-white-home-13-service-1.svg]
[masco-tailwind.netlify.app/assets/img/icons/icon-black-home-13-service-2.svg]
[masco-tailwind.netlify.app/assets/img/icons/icon-white-home-13-service-2.svg]
[masco-tailwind.netlify.app/assets/img/icons/icon-black-home-13-service-3.svg]
[masco-tailwind.netlify.app/assets/img/icons/icon-white-home-13-service-3.svg]
[masco-tailwind.netlify.app/assets/img/icons/icon-black-home-13-service-4.svg]
[masco-tailwind.netlify.app/assets/img/icons/icon-white-home-13-service-4.svg]
[masco-tailwind.netlify.app/assets/fonts/webfonts/outfit/Outfit-Regular.woff]
